Starting a Gradle Daemon (subsequent builds will be faster)
> Task :compileJava UP-TO-DATE
> Task :processResources UP-TO-DATE
> Task :classes UP-TO-DATE
> Task :resolveMainClassName UP-TO-DATE

> Task :bootRun

  .   ____          _            __ _ _
 /\\ / ___'_ __ _ _(_)_ __  __ _ \ \ \ \
( ( )\___ | '_ | '_| | '_ \/ _` | \ \ \ \
 \\/  ___)| |_)| | | | | || (_| |  ) ) ) )
  '  |____| .__|_| |_|_| |_\__, | / / / /
 =========|_|==============|___/=/_/_/_/
 :: Spring Boot ::                (v3.2.4)

2026-03-08T20:09:33.360+04:00  INFO 3936 --- [           main] com.tradebot.TradeBotApplication         : Starting TradeBotApplication using Java 21.0.9 with PID 3936 (/Users/camal/Documents/trade/trade bot/build/classes/java/main started by camal in /Users/camal/Documents/trade/trade bot)
2026-03-08T20:09:33.360+04:00  INFO 3936 --- [           main] com.tradebot.TradeBotApplication         : No active profile set, falling back to 1 default profile: "default"
2026-03-08T20:09:33.798+04:00  INFO 3936 --- [           main] .s.d.r.c.RepositoryConfigurationDelegate : Bootstrapping Spring Data JPA repositories in DEFAULT mode.
2026-03-08T20:09:33.864+04:00  INFO 3936 --- [           main] .s.d.r.c.RepositoryConfigurationDelegate : Finished Spring Data repository scanning in 63 ms. Found 28 JPA repository interfaces.
2026-03-08T20:09:34.208+04:00  INFO 3936 --- [           main] o.s.b.w.embedded.tomcat.TomcatWebServer  : Tomcat initialized with port 8080 (http)
2026-03-08T20:09:34.212+04:00  INFO 3936 --- [           main] o.apache.catalina.core.StandardService   : Starting service [Tomcat]
2026-03-08T20:09:34.212+04:00  INFO 3936 --- [           main] o.apache.catalina.core.StandardEngine    : Starting Servlet engine: [Apache Tomcat/10.1.19]
2026-03-08T20:09:34.231+04:00  INFO 3936 --- [           main] o.a.c.c.C.[Tomcat].[localhost].[/]       : Initializing Spring embedded WebApplicationContext
2026-03-08T20:09:34.231+04:00  INFO 3936 --- [           main] w.s.c.ServletWebServerApplicationContext : Root WebApplicationContext: initialization completed in 855 ms
2026-03-08T20:09:34.354+04:00  INFO 3936 --- [           main] com.zaxxer.hikari.HikariDataSource       : HikariPool-1 - Starting...
2026-03-08T20:09:34.359+04:00  INFO 3936 --- [           main] com.zaxxer.hikari.HikariDataSource       : HikariPool-1 - Start completed.
2026-03-08T20:09:34.454+04:00  INFO 3936 --- [           main] o.f.c.internal.license.VersionPrinter    : Flyway Community Edition 9.22.3 by Redgate
2026-03-08T20:09:34.454+04:00  INFO 3936 --- [           main] o.f.c.internal.license.VersionPrinter    : See release notes here: https://rd.gt/416ObMi
2026-03-08T20:09:34.454+04:00  INFO 3936 --- [           main] o.f.c.internal.license.VersionPrinter    : 
2026-03-08T20:09:34.459+04:00  INFO 3936 --- [           main] org.flywaydb.core.FlywayExecutor         : Database: jdbc:postgresql://127.0.0.1:5432/trade-bot (PostgreSQL 18.1)
2026-03-08T20:09:34.462+04:00  WARN 3936 --- [           main] o.f.c.internal.database.base.Database    : Flyway upgrade recommended: PostgreSQL 18.1 is newer than this version of Flyway and support has not been tested. The latest supported version of PostgreSQL is 15.
2026-03-08T20:09:34.495+04:00  INFO 3936 --- [           main] o.f.core.internal.command.DbValidate     : Successfully validated 26 migrations (execution time 00:00.021s)
2026-03-08T20:09:34.501+04:00  INFO 3936 --- [           main] o.f.core.internal.command.DbMigrate      : Current version of schema "public": 34
2026-03-08T20:09:34.502+04:00  INFO 3936 --- [           main] o.f.core.internal.command.DbMigrate      : Schema "public" is up to date. No migration necessary.
2026-03-08T20:09:34.546+04:00  INFO 3936 --- [           main] o.hibernate.jpa.internal.util.LogHelper  : HHH000204: Processing PersistenceUnitInfo [name: default]
2026-03-08T20:09:34.568+04:00  INFO 3936 --- [           main] org.hibernate.Version                    : HHH000412: Hibernate ORM core version 6.4.4.Final
2026-03-08T20:09:34.579+04:00  INFO 3936 --- [           main] o.h.c.internal.RegionFactoryInitiator    : HHH000026: Second-level cache disabled
2026-03-08T20:09:34.656+04:00  INFO 3936 --- [           main] o.s.o.j.p.SpringPersistenceUnitInfo      : No LoadTimeWeaver setup: ignoring JPA class transformer
2026-03-08T20:09:34.668+04:00  WARN 3936 --- [           main] org.hibernate.orm.deprecation            : HHH90000025: PostgreSQLDialect does not need to be specified explicitly using 'hibernate.dialect' (remove the property setting and it will be selected by default)
2026-03-08T20:09:35.204+04:00  INFO 3936 --- [           main] o.h.e.t.j.p.i.JtaPlatformInitiator       : HHH000489: No JTA platform available (set 'hibernate.transaction.jta.platform' to enable JTA platform integration)
2026-03-08T20:09:35.205+04:00  INFO 3936 --- [           main] j.LocalContainerEntityManagerFactoryBean : Initialized JPA EntityManagerFactory for persistence unit 'default'
2026-03-08T20:09:35.793+04:00 ERROR 3936 --- [           main] i.n.r.d.DnsServerAddressStreamProviders  : Unable to load io.netty.resolver.dns.macos.MacOSDnsServerAddressStreamProvider, fallback to system defaults. This may result in incorrect DNS resolutions on MacOS. Check whether you have a dependency on 'io.netty:netty-resolver-dns-native-macos'. Use DEBUG level to see the full stack: java.lang.UnsatisfiedLinkError: failed to load the required native library
2026-03-08T20:09:36.057+04:00  INFO 3936 --- [           main] o.s.d.j.r.query.QueryEnhancerFactory     : Hibernate is in classpath; If applicable, HQL parser will be used.
2026-03-08T20:09:36.556+04:00  WARN 3936 --- [           main] com.tradebot.service.ScanOrchestrator    : Marked stale in-progress run as failed after restart: runId=2e9fd37c-7aa9-417c-987f-a35b8363493c
2026-03-08T20:09:36.767+04:00  WARN 3936 --- [           main] JpaBaseConfiguration$JpaWebConfiguration : spring.jpa.open-in-view is enabled by default. Therefore, database queries may be performed during view rendering. Explicitly configure spring.jpa.open-in-view to disable this warning
2026-03-08T20:09:37.147+04:00  INFO 3936 --- [           main] o.s.b.a.e.web.EndpointLinksResolver      : Exposing 1 endpoint(s) beneath base path '/actuator'
2026-03-08T20:09:37.182+04:00  INFO 3936 --- [           main] o.s.b.w.embedded.tomcat.TomcatWebServer  : Tomcat started on port 8080 (http) with context path ''
2026-03-08T20:09:37.190+04:00  INFO 3936 --- [           main] com.tradebot.TradeBotApplication         : Started TradeBotApplication in 3.96 seconds (process running for 4.077)
2026-03-08T20:09:37.223+04:00  INFO 3936 --- [           main] t.o.OperatorPermissionCatalogSyncService : Operator permissions bootstrap complete: insertedMissing=0, existing=17
2026-03-08T20:09:38.192+04:00  INFO 3936 --- [nio-8080-exec-2] o.a.c.c.C.[Tomcat].[localhost].[/]       : Initializing Spring DispatcherServlet 'dispatcherServlet'
2026-03-08T20:09:38.192+04:00  INFO 3936 --- [nio-8080-exec-2] o.s.web.servlet.DispatcherServlet        : Initializing Servlet 'dispatcherServlet'
2026-03-08T20:09:38.193+04:00  INFO 3936 --- [nio-8080-exec-2] o.s.web.servlet.DispatcherServlet        : Completed initialization in 1 ms
2026-03-08T20:09:47.206+04:00  INFO 3936 --- [   scheduling-1] com.tradebot.service.ScanOrchestrator    : Scheduled scan started: runId=35dc9f32-9829-4cdb-9767-de432e479974, attempt=1
2026-03-08T20:09:47.213+04:00  INFO 3936 --- [  scan-worker-1] c.t.service.StrategyConfigProvider       : Loaded default StrategyTuningConfig.
2026-03-08T20:09:47.213+04:00  INFO 3936 --- [  scan-worker-1] com.tradebot.service.ScanOrchestrator    : Fetching exchange info...
2026-03-08T20:09:48.965+04:00  INFO 3936 --- [  scan-worker-1] com.tradebot.service.ScanOrchestrator    : Found 544 eligible USDT-M perpetual symbols
2026-03-08T20:09:48.970+04:00  INFO 3936 --- [  scan-worker-1] com.tradebot.service.ScanOrchestrator    : Fetching 24h tickers...
2026-03-08T20:09:49.985+04:00  INFO 3936 --- [  scan-worker-1] com.tradebot.service.ScanOrchestrator    : Processing klines for top 300 symbols...
2026-03-08T20:10:04.886+04:00  WARN 3936 --- [  scan-worker-1] com.tradebot.ai.ModelRouter              : All AI model attempts failed for task=SCAN_REVIEW mode=LIVE traceId=f0acdc0b-a4a3-4231-bbe7-1269fa4daeeb errorCode=OPENROUTER_AUTH
2026-03-08T20:10:04.940+04:00  WARN 3936 --- [  scan-worker-1] com.tradebot.ai.ModelRouter              : All AI model attempts failed for task=SCAN_REVIEW mode=LIVE traceId=f0acdc0b-a4a3-4231-bbe7-1269fa4daeeb errorCode=OPENROUTER_AUTH
2026-03-08T20:10:12.271+04:00  WARN 3936 --- [  scan-worker-1] com.tradebot.ai.ModelRouter              : All AI model attempts failed for task=SCAN_REVIEW mode=LIVE traceId=f0acdc0b-a4a3-4231-bbe7-1269fa4daeeb errorCode=OPENROUTER_AUTH
2026-03-08T20:10:12.316+04:00  WARN 3936 --- [  scan-worker-1] com.tradebot.ai.ModelRouter              : All AI model attempts failed for task=SCAN_REVIEW mode=LIVE traceId=f0acdc0b-a4a3-4231-bbe7-1269fa4daeeb errorCode=OPENROUTER_AUTH
2026-03-08T20:10:45.200+04:00  WARN 3936 --- [  scan-worker-1] com.tradebot.ai.ModelRouter              : All AI model attempts failed for task=SCAN_REVIEW mode=LIVE traceId=f0acdc0b-a4a3-4231-bbe7-1269fa4daeeb errorCode=OPENROUTER_AUTH
2026-03-08T20:10:45.270+04:00  WARN 3936 --- [  scan-worker-1] com.tradebot.ai.ModelRouter              : All AI model attempts failed for task=SCAN_REVIEW mode=LIVE traceId=f0acdc0b-a4a3-4231-bbe7-1269fa4daeeb errorCode=OPENROUTER_AUTH
2026-03-08T20:11:19.923+04:00  WARN 3936 --- [  scan-worker-1] com.tradebot.ai.ModelRouter              : All AI model attempts failed for task=SCAN_REVIEW mode=LIVE traceId=f0acdc0b-a4a3-4231-bbe7-1269fa4daeeb errorCode=OPENROUTER_AUTH
2026-03-08T20:11:19.972+04:00  WARN 3936 --- [  scan-worker-1] com.tradebot.ai.ModelRouter              : All AI model attempts failed for task=SCAN_REVIEW mode=LIVE traceId=f0acdc0b-a4a3-4231-bbe7-1269fa4daeeb errorCode=OPENROUTER_AUTH
2026-03-08T20:12:24.193+04:00  WARN 3936 --- [  scan-worker-1] com.tradebot.ai.ModelRouter              : All AI model attempts failed for task=SCAN_REVIEW mode=LIVE traceId=f0acdc0b-a4a3-4231-bbe7-1269fa4daeeb errorCode=OPENROUTER_AUTH
2026-03-08T20:12:24.236+04:00  WARN 3936 --- [  scan-worker-1] com.tradebot.ai.ModelRouter              : All AI model attempts failed for task=SCAN_REVIEW mode=LIVE traceId=f0acdc0b-a4a3-4231-bbe7-1269fa4daeeb errorCode=OPENROUTER_AUTH
2026-03-08T20:12:39.735+04:00  WARN 3936 --- [  scan-worker-1] com.tradebot.ai.ModelRouter              : All AI model attempts failed for task=SCAN_REVIEW mode=LIVE traceId=f0acdc0b-a4a3-4231-bbe7-1269fa4daeeb errorCode=OPENROUTER_AUTH
2026-03-08T20:12:39.776+04:00  WARN 3936 --- [  scan-worker-1] com.tradebot.ai.ModelRouter              : All AI model attempts failed for task=SCAN_REVIEW mode=LIVE traceId=f0acdc0b-a4a3-4231-bbe7-1269fa4daeeb errorCode=OPENROUTER_AUTH
2026-03-08T20:13:05.536+04:00  WARN 3936 --- [  scan-worker-1] com.tradebot.ai.ModelRouter              : All AI model attempts failed for task=SCAN_REVIEW mode=LIVE traceId=f0acdc0b-a4a3-4231-bbe7-1269fa4daeeb errorCode=OPENROUTER_AUTH
2026-03-08T20:13:05.579+04:00  WARN 3936 --- [  scan-worker-1] com.tradebot.ai.ModelRouter              : All AI model attempts failed for task=SCAN_REVIEW mode=LIVE traceId=f0acdc0b-a4a3-4231-bbe7-1269fa4daeeb errorCode=OPENROUTER_AUTH
2026-03-08T20:13:17.158+04:00  WARN 3936 --- [  scan-worker-1] com.tradebot.ai.ModelRouter              : All AI model attempts failed for task=SCAN_REVIEW mode=LIVE traceId=f0acdc0b-a4a3-4231-bbe7-1269fa4daeeb errorCode=OPENROUTER_AUTH
2026-03-08T20:13:17.195+04:00  WARN 3936 --- [  scan-worker-1] com.tradebot.ai.ModelRouter              : All AI model attempts failed for task=SCAN_REVIEW mode=LIVE traceId=f0acdc0b-a4a3-4231-bbe7-1269fa4daeeb errorCode=OPENROUTER_AUTH
2026-03-08T20:13:29.366+04:00  WARN 3936 --- [  scan-worker-1] com.tradebot.ai.ModelRouter              : All AI model attempts failed for task=SCAN_REVIEW mode=LIVE traceId=f0acdc0b-a4a3-4231-bbe7-1269fa4daeeb errorCode=OPENROUTER_AUTH
2026-03-08T20:13:29.404+04:00  WARN 3936 --- [  scan-worker-1] com.tradebot.ai.ModelRouter              : All AI model attempts failed for task=SCAN_REVIEW mode=LIVE traceId=f0acdc0b-a4a3-4231-bbe7-1269fa4daeeb errorCode=OPENROUTER_AUTH
2026-03-08T20:13:33.077+04:00  WARN 3936 --- [  scan-worker-1] com.tradebot.ai.ModelRouter              : All AI model attempts failed for task=SCAN_REVIEW mode=LIVE traceId=f0acdc0b-a4a3-4231-bbe7-1269fa4daeeb errorCode=OPENROUTER_AUTH
2026-03-08T20:13:33.117+04:00  WARN 3936 --- [  scan-worker-1] com.tradebot.ai.ModelRouter              : All AI model attempts failed for task=SCAN_REVIEW mode=LIVE traceId=f0acdc0b-a4a3-4231-bbe7-1269fa4daeeb errorCode=OPENROUTER_AUTH
2026-03-08T20:13:33.830+04:00  WARN 3936 --- [  scan-worker-1] com.tradebot.ai.ModelRouter              : All AI model attempts failed for task=SCAN_REVIEW mode=LIVE traceId=f0acdc0b-a4a3-4231-bbe7-1269fa4daeeb errorCode=OPENROUTER_AUTH
2026-03-08T20:13:33.867+04:00  WARN 3936 --- [  scan-worker-1] com.tradebot.ai.ModelRouter              : All AI model attempts failed for task=SCAN_REVIEW mode=LIVE traceId=f0acdc0b-a4a3-4231-bbe7-1269fa4daeeb errorCode=OPENROUTER_AUTH
2026-03-08T20:13:42.491+04:00  WARN 3936 --- [  scan-worker-1] com.tradebot.ai.ModelRouter              : All AI model attempts failed for task=SCAN_REVIEW mode=LIVE traceId=f0acdc0b-a4a3-4231-bbe7-1269fa4daeeb errorCode=OPENROUTER_AUTH
2026-03-08T20:13:42.532+04:00  WARN 3936 --- [  scan-worker-1] com.tradebot.ai.ModelRouter              : All AI model attempts failed for task=SCAN_REVIEW mode=LIVE traceId=f0acdc0b-a4a3-4231-bbe7-1269fa4daeeb errorCode=OPENROUTER_AUTH
2026-03-08T20:13:47.080+04:00  INFO 3936 --- [  scan-worker-1] com.tradebot.service.ScanOrchestrator    : Best candidate found: FETUSDT SHORT (RR=4.00)
2026-03-08T20:13:47.094+04:00  INFO 3936 --- [  scan-worker-1] com.tradebot.service.ScanOrchestrator    : NEW Best Recommendation surfaced. Beeping...
2026-03-08T20:13:50.722+04:00  INFO 3936 --- [   scheduling-1] com.tradebot.service.ScanOrchestrator    : Scheduled scan started: runId=9e438fd9-24e3-47ed-b590-f47af3edb265, attempt=1
2026-03-08T20:13:50.725+04:00  INFO 3936 --- [  scan-worker-1] c.t.service.StrategyConfigProvider       : Loaded default StrategyTuningConfig.
2026-03-08T20:13:50.725+04:00  INFO 3936 --- [  scan-worker-1] com.tradebot.service.ScanOrchestrator    : Fetching exchange info...
2026-03-08T20:13:51.109+04:00  INFO 3936 --- [  scan-worker-1] com.tradebot.service.ScanOrchestrator    : Found 544 eligible USDT-M perpetual symbols
2026-03-08T20:13:51.112+04:00  INFO 3936 --- [  scan-worker-1] com.tradebot.service.ScanOrchestrator    : Fetching 24h tickers...
2026-03-08T20:13:51.546+04:00  INFO 3936 --- [  scan-worker-1] com.tradebot.service.ScanOrchestrator    : Processing klines for top 300 symbols...
2026-03-08T20:14:04.312+04:00  WARN 3936 --- [  scan-worker-1] com.tradebot.ai.ModelRouter              : All AI model attempts failed for task=SCAN_REVIEW mode=LIVE traceId=a84ded72-377b-4e45-bf59-83a96ce835a0 errorCode=OPENROUTER_AUTH
2026-03-08T20:14:04.347+04:00  WARN 3936 --- [  scan-worker-1] com.tradebot.ai.ModelRouter              : All AI model attempts failed for task=SCAN_REVIEW mode=LIVE traceId=a84ded72-377b-4e45-bf59-83a96ce835a0 errorCode=OPENROUTER_AUTH
2026-03-08T20:14:08.328+04:00  WARN 3936 --- [  scan-worker-1] com.tradebot.ai.ModelRouter              : All AI model attempts failed for task=SCAN_REVIEW mode=LIVE traceId=a84ded72-377b-4e45-bf59-83a96ce835a0 errorCode=OPENROUTER_AUTH
2026-03-08T20:14:08.365+04:00  WARN 3936 --- [  scan-worker-1] com.tradebot.ai.ModelRouter              : All AI model attempts failed for task=SCAN_REVIEW mode=LIVE traceId=a84ded72-377b-4e45-bf59-83a96ce835a0 errorCode=OPENROUTER_AUTH
2026-03-08T20:14:32.636+04:00  WARN 3936 --- [  scan-worker-1] com.tradebot.ai.ModelRouter              : All AI model attempts failed for task=SCAN_REVIEW mode=LIVE traceId=a84ded72-377b-4e45-bf59-83a96ce835a0 errorCode=OPENROUTER_AUTH
2026-03-08T20:14:32.688+04:00  WARN 3936 --- [  scan-worker-1] com.tradebot.ai.ModelRouter              : All AI model attempts failed for task=SCAN_REVIEW mode=LIVE traceId=a84ded72-377b-4e45-bf59-83a96ce835a0 errorCode=OPENROUTER_AUTH
2026-03-08T20:15:04.926+04:00  WARN 3936 --- [  scan-worker-1] com.tradebot.ai.ModelRouter              : All AI model attempts failed for task=SCAN_REVIEW mode=LIVE traceId=a84ded72-377b-4e45-bf59-83a96ce835a0 errorCode=OPENROUTER_AUTH
2026-03-08T20:15:04.970+04:00  WARN 3936 --- [  scan-worker-1] com.tradebot.ai.ModelRouter              : All AI model attempts failed for task=SCAN_REVIEW mode=LIVE traceId=a84ded72-377b-4e45-bf59-83a96ce835a0 errorCode=OPENROUTER_AUTH
2026-03-08T20:16:08.870+04:00  WARN 3936 --- [  scan-worker-1] com.tradebot.ai.ModelRouter              : All AI model attempts failed for task=SCAN_REVIEW mode=LIVE traceId=a84ded72-377b-4e45-bf59-83a96ce835a0 errorCode=OPENROUTER_AUTH
2026-03-08T20:16:08.919+04:00  WARN 3936 --- [  scan-worker-1] com.tradebot.ai.ModelRouter              : All AI model attempts failed for task=SCAN_REVIEW mode=LIVE traceId=a84ded72-377b-4e45-bf59-83a96ce835a0 errorCode=OPENROUTER_AUTH
2026-03-08T20:16:23.697+04:00  WARN 3936 --- [  scan-worker-1] com.tradebot.ai.ModelRouter              : All AI model attempts failed for task=SCAN_REVIEW mode=LIVE traceId=a84ded72-377b-4e45-bf59-83a96ce835a0 errorCode=OPENROUTER_AUTH
2026-03-08T20:16:23.741+04:00  WARN 3936 --- [  scan-worker-1] com.tradebot.ai.ModelRouter              : All AI model attempts failed for task=SCAN_REVIEW mode=LIVE traceId=a84ded72-377b-4e45-bf59-83a96ce835a0 errorCode=OPENROUTER_AUTH
2026-03-08T20:16:45.127+04:00  WARN 3936 --- [  scan-worker-1] com.tradebot.ai.ModelRouter              : All AI model attempts failed for task=SCAN_REVIEW mode=LIVE traceId=a84ded72-377b-4e45-bf59-83a96ce835a0 errorCode=OPENROUTER_AUTH
2026-03-08T20:16:45.168+04:00  WARN 3936 --- [  scan-worker-1] com.tradebot.ai.ModelRouter              : All AI model attempts failed for task=SCAN_REVIEW mode=LIVE traceId=a84ded72-377b-4e45-bf59-83a96ce835a0 errorCode=OPENROUTER_AUTH
2026-03-08T20:17:08.295+04:00  WARN 3936 --- [  scan-worker-1] com.tradebot.ai.ModelRouter              : All AI model attempts failed for task=SCAN_REVIEW mode=LIVE traceId=a84ded72-377b-4e45-bf59-83a96ce835a0 errorCode=OPENROUTER_AUTH
2026-03-08T20:17:08.337+04:00  WARN 3936 --- [  scan-worker-1] com.tradebot.ai.ModelRouter              : All AI model attempts failed for task=SCAN_REVIEW mode=LIVE traceId=a84ded72-377b-4e45-bf59-83a96ce835a0 errorCode=OPENROUTER_AUTH
2026-03-08T20:17:19.387+04:00  WARN 3936 --- [  scan-worker-1] com.tradebot.ai.ModelRouter              : All AI model attempts failed for task=SCAN_REVIEW mode=LIVE traceId=a84ded72-377b-4e45-bf59-83a96ce835a0 errorCode=OPENROUTER_AUTH
2026-03-08T20:17:19.429+04:00  WARN 3936 --- [  scan-worker-1] com.tradebot.ai.ModelRouter              : All AI model attempts failed for task=SCAN_REVIEW mode=LIVE traceId=a84ded72-377b-4e45-bf59-83a96ce835a0 errorCode=OPENROUTER_AUTH
2026-03-08T20:17:24.036+04:00  INFO 3936 --- [  scan-worker-1] com.tradebot.service.ScanOrchestrator    : Best candidate found: FETUSDT SHORT (RR=4.00)
2026-03-08T20:17:35.867+04:00  INFO 3936 --- [   scheduling-1] com.tradebot.service.ScanOrchestrator    : Scheduled scan started: runId=62c861f1-bda8-48c8-926a-c85d0000b935, attempt=1
2026-03-08T20:17:35.870+04:00  INFO 3936 --- [  scan-worker-1] c.t.service.StrategyConfigProvider       : Loaded default StrategyTuningConfig.
2026-03-08T20:17:35.870+04:00  INFO 3936 --- [  scan-worker-1] com.tradebot.service.ScanOrchestrator    : Fetching exchange info...
2026-03-08T20:17:36.255+04:00  INFO 3936 --- [  scan-worker-1] com.tradebot.service.ScanOrchestrator    : Found 544 eligible USDT-M perpetual symbols
2026-03-08T20:17:36.257+04:00  INFO 3936 --- [  scan-worker-1] com.tradebot.service.ScanOrchestrator    : Fetching 24h tickers...
2026-03-08T20:17:36.691+04:00  INFO 3936 --- [  scan-worker-1] com.tradebot.service.ScanOrchestrator    : Processing klines for top 300 symbols...
2026-03-08T20:18:17.975+04:00  WARN 3936 --- [  scan-worker-1] com.tradebot.ai.ModelRouter              : All AI model attempts failed for task=SCAN_REVIEW mode=LIVE traceId=610cce3f-8890-43ae-9b28-bc71711bbf95 errorCode=OPENROUTER_AUTH
2026-03-08T20:18:18.030+04:00  WARN 3936 --- [  scan-worker-1] com.tradebot.ai.ModelRouter              : All AI model attempts failed for task=SCAN_REVIEW mode=LIVE traceId=610cce3f-8890-43ae-9b28-bc71711bbf95 errorCode=OPENROUTER_AUTH
2026-03-08T20:18:20.143+04:00  WARN 3936 --- [  scan-worker-1] com.tradebot.ai.ModelRouter              : All AI model attempts failed for task=SCAN_REVIEW mode=LIVE traceId=610cce3f-8890-43ae-9b28-bc71711bbf95 errorCode=OPENROUTER_AUTH
2026-03-08T20:18:20.184+04:00  WARN 3936 --- [  scan-worker-1] com.tradebot.ai.ModelRouter              : All AI model attempts failed for task=SCAN_REVIEW mode=LIVE traceId=610cce3f-8890-43ae-9b28-bc71711bbf95 errorCode=OPENROUTER_AUTH
2026-03-08T20:18:50.945+04:00  WARN 3936 --- [  scan-worker-1] com.tradebot.ai.ModelRouter              : All AI model attempts failed for task=SCAN_REVIEW mode=LIVE traceId=610cce3f-8890-43ae-9b28-bc71711bbf95 errorCode=OPENROUTER_AUTH
2026-03-08T20:18:50.993+04:00  WARN 3936 --- [  scan-worker-1] com.tradebot.ai.ModelRouter              : All AI model attempts failed for task=SCAN_REVIEW mode=LIVE traceId=610cce3f-8890-43ae-9b28-bc71711bbf95 errorCode=OPENROUTER_AUTH
2026-03-08T20:18:53.619+04:00  WARN 3936 --- [  scan-worker-1] com.tradebot.ai.ModelRouter              : All AI model attempts failed for task=SCAN_REVIEW mode=LIVE traceId=610cce3f-8890-43ae-9b28-bc71711bbf95 errorCode=OPENROUTER_AUTH
2026-03-08T20:18:53.659+04:00  WARN 3936 --- [  scan-worker-1] com.tradebot.ai.ModelRouter              : All AI model attempts failed for task=SCAN_REVIEW mode=LIVE traceId=610cce3f-8890-43ae-9b28-bc71711bbf95 errorCode=OPENROUTER_AUTH
2026-03-08T20:19:53.020+04:00  WARN 3936 --- [  scan-worker-1] com.tradebot.ai.ModelRouter              : All AI model attempts failed for task=SCAN_REVIEW mode=LIVE traceId=610cce3f-8890-43ae-9b28-bc71711bbf95 errorCode=OPENROUTER_AUTH
2026-03-08T20:19:53.067+04:00  WARN 3936 --- [  scan-worker-1] com.tradebot.ai.ModelRouter              : All AI model attempts failed for task=SCAN_REVIEW mode=LIVE traceId=610cce3f-8890-43ae-9b28-bc71711bbf95 errorCode=OPENROUTER_AUTH
2026-03-08T20:20:10.470+04:00  WARN 3936 --- [  scan-worker-1] com.tradebot.ai.ModelRouter              : All AI model attempts failed for task=SCAN_REVIEW mode=LIVE traceId=610cce3f-8890-43ae-9b28-bc71711bbf95 errorCode=OPENROUTER_AUTH
2026-03-08T20:20:10.552+04:00  WARN 3936 --- [  scan-worker-1] com.tradebot.ai.ModelRouter              : All AI model attempts failed for task=SCAN_REVIEW mode=LIVE traceId=610cce3f-8890-43ae-9b28-bc71711bbf95 errorCode=OPENROUTER_AUTH
2026-03-08T20:20:38.502+04:00  WARN 3936 --- [  scan-worker-1] com.tradebot.ai.ModelRouter              : All AI model attempts failed for task=SCAN_REVIEW mode=LIVE traceId=610cce3f-8890-43ae-9b28-bc71711bbf95 errorCode=OPENROUTER_AUTH
2026-03-08T20:20:38.550+04:00  WARN 3936 --- [  scan-worker-1] com.tradebot.ai.ModelRouter              : All AI model attempts failed for task=SCAN_REVIEW mode=LIVE traceId=610cce3f-8890-43ae-9b28-bc71711bbf95 errorCode=OPENROUTER_AUTH
2026-03-08T20:21:08.724+04:00  WARN 3936 --- [  scan-worker-1] com.tradebot.ai.ModelRouter              : All AI model attempts failed for task=SCAN_REVIEW mode=LIVE traceId=610cce3f-8890-43ae-9b28-bc71711bbf95 errorCode=OPENROUTER_AUTH
2026-03-08T20:21:08.769+04:00  WARN 3936 --- [  scan-worker-1] com.tradebot.ai.ModelRouter              : All AI model attempts failed for task=SCAN_REVIEW mode=LIVE traceId=610cce3f-8890-43ae-9b28-bc71711bbf95 errorCode=OPENROUTER_AUTH
2026-03-08T20:21:17.376+04:00  WARN 3936 --- [  scan-worker-1] com.tradebot.ai.ModelRouter              : All AI model attempts failed for task=SCAN_REVIEW mode=LIVE traceId=610cce3f-8890-43ae-9b28-bc71711bbf95 errorCode=OPENROUTER_AUTH
2026-03-08T20:21:17.421+04:00  WARN 3936 --- [  scan-worker-1] com.tradebot.ai.ModelRouter              : All AI model attempts failed for task=SCAN_REVIEW mode=LIVE traceId=610cce3f-8890-43ae-9b28-bc71711bbf95 errorCode=OPENROUTER_AUTH
2026-03-08T20:21:22.958+04:00  INFO 3936 --- [  scan-worker-1] com.tradebot.service.ScanOrchestrator    : Best candidate found: SPACEUSDT LONG (RR=5.10)
2026-03-08T20:21:22.970+04:00  INFO 3936 --- [  scan-worker-1] com.tradebot.service.ScanOrchestrator    : NEW Best Recommendation surfaced. Beeping...
2026-03-08T20:21:35.988+04:00  INFO 3936 --- [   scheduling-1] com.tradebot.service.ScanOrchestrator    : Scheduled scan started: runId=c3a52b78-8496-4df2-ba0e-44c60b0483a1, attempt=1
2026-03-08T20:21:35.990+04:00  INFO 3936 --- [  scan-worker-1] c.t.service.StrategyConfigProvider       : Loaded default StrategyTuningConfig.
2026-03-08T20:21:35.991+04:00  INFO 3936 --- [  scan-worker-1] com.tradebot.service.ScanOrchestrator    : Fetching exchange info...
2026-03-08T20:21:36.381+04:00  INFO 3936 --- [  scan-worker-1] com.tradebot.service.ScanOrchestrator    : Found 544 eligible USDT-M perpetual symbols
2026-03-08T20:21:36.384+04:00  INFO 3936 --- [  scan-worker-1] com.tradebot.service.ScanOrchestrator    : Fetching 24h tickers...
2026-03-08T20:21:37.692+04:00  INFO 3936 --- [  scan-worker-1] com.tradebot.service.ScanOrchestrator    : Processing klines for top 300 symbols...
2026-03-08T20:22:08.093+04:00  WARN 3936 --- [  scan-worker-1] com.tradebot.ai.ModelRouter              : All AI model attempts failed for task=SCAN_REVIEW mode=LIVE traceId=1cc11a9d-9c10-441b-96dd-59fb81df84c7 errorCode=OPENROUTER_AUTH
2026-03-08T20:22:08.137+04:00  WARN 3936 --- [  scan-worker-1] com.tradebot.ai.ModelRouter              : All AI model attempts failed for task=SCAN_REVIEW mode=LIVE traceId=1cc11a9d-9c10-441b-96dd-59fb81df84c7 errorCode=OPENROUTER_AUTH
2026-03-08T20:22:16.960+04:00  WARN 3936 --- [  scan-worker-1] com.tradebot.ai.ModelRouter              : All AI model attempts failed for task=SCAN_REVIEW mode=LIVE traceId=1cc11a9d-9c10-441b-96dd-59fb81df84c7 errorCode=OPENROUTER_AUTH
2026-03-08T20:22:17.012+04:00  WARN 3936 --- [  scan-worker-1] com.tradebot.ai.ModelRouter              : All AI model attempts failed for task=SCAN_REVIEW mode=LIVE traceId=1cc11a9d-9c10-441b-96dd-59fb81df84c7 errorCode=OPENROUTER_AUTH
2026-03-08T20:22:19.605+04:00  WARN 3936 --- [  scan-worker-1] com.tradebot.ai.ModelRouter              : All AI model attempts failed for task=SCAN_REVIEW mode=LIVE traceId=1cc11a9d-9c10-441b-96dd-59fb81df84c7 errorCode=OPENROUTER_AUTH
2026-03-08T20:22:19.652+04:00  WARN 3936 --- [  scan-worker-1] com.tradebot.ai.ModelRouter              : All AI model attempts failed for task=SCAN_REVIEW mode=LIVE traceId=1cc11a9d-9c10-441b-96dd-59fb81df84c7 errorCode=OPENROUTER_AUTH
2026-03-08T20:22:48.800+04:00  WARN 3936 --- [  scan-worker-1] com.tradebot.ai.ModelRouter              : All AI model attempts failed for task=SCAN_REVIEW mode=LIVE traceId=1cc11a9d-9c10-441b-96dd-59fb81df84c7 errorCode=OPENROUTER_AUTH
2026-03-08T20:22:48.913+04:00  WARN 3936 --- [  scan-worker-1] com.tradebot.ai.ModelRouter              : All AI model attempts failed for task=SCAN_REVIEW mode=LIVE traceId=1cc11a9d-9c10-441b-96dd-59fb81df84c7 errorCode=OPENROUTER_AUTH
2026-03-08T20:23:01.285+04:00  WARN 3936 --- [  scan-worker-1] com.tradebot.ai.ModelRouter              : All AI model attempts failed for task=SCAN_REVIEW mode=LIVE traceId=1cc11a9d-9c10-441b-96dd-59fb81df84c7 errorCode=OPENROUTER_AUTH
2026-03-08T20:23:01.337+04:00  WARN 3936 --- [  scan-worker-1] com.tradebot.ai.ModelRouter              : All AI model attempts failed for task=SCAN_REVIEW mode=LIVE traceId=1cc11a9d-9c10-441b-96dd-59fb81df84c7 errorCode=OPENROUTER_AUTH
2026-03-08T20:23:47.053+04:00  WARN 3936 --- [  scan-worker-1] com.tradebot.ai.ModelRouter              : All AI model attempts failed for task=SCAN_REVIEW mode=LIVE traceId=1cc11a9d-9c10-441b-96dd-59fb81df84c7 errorCode=OPENROUTER_AUTH
2026-03-08T20:23:47.103+04:00  WARN 3936 --- [  scan-worker-1] com.tradebot.ai.ModelRouter              : All AI model attempts failed for task=SCAN_REVIEW mode=LIVE traceId=1cc11a9d-9c10-441b-96dd-59fb81df84c7 errorCode=OPENROUTER_AUTH
2026-03-08T20:24:00.570+04:00  WARN 3936 --- [  scan-worker-1] com.tradebot.ai.ModelRouter              : All AI model attempts failed for task=SCAN_REVIEW mode=LIVE traceId=1cc11a9d-9c10-441b-96dd-59fb81df84c7 errorCode=OPENROUTER_AUTH
2026-03-08T20:24:00.619+04:00  WARN 3936 --- [  scan-worker-1] com.tradebot.ai.ModelRouter              : All AI model attempts failed for task=SCAN_REVIEW mode=LIVE traceId=1cc11a9d-9c10-441b-96dd-59fb81df84c7 errorCode=OPENROUTER_AUTH
2026-03-08T20:24:21.688+04:00  WARN 3936 --- [  scan-worker-1] com.tradebot.ai.ModelRouter              : All AI model attempts failed for task=SCAN_REVIEW mode=LIVE traceId=1cc11a9d-9c10-441b-96dd-59fb81df84c7 errorCode=OPENROUTER_AUTH
2026-03-08T20:24:21.728+04:00  WARN 3936 --- [  scan-worker-1] com.tradebot.ai.ModelRouter              : All AI model attempts failed for task=SCAN_REVIEW mode=LIVE traceId=1cc11a9d-9c10-441b-96dd-59fb81df84c7 errorCode=OPENROUTER_AUTH
2026-03-08T20:24:44.506+04:00  WARN 3936 --- [  scan-worker-1] com.tradebot.ai.ModelRouter              : All AI model attempts failed for task=SCAN_REVIEW mode=LIVE traceId=1cc11a9d-9c10-441b-96dd-59fb81df84c7 errorCode=OPENROUTER_AUTH
2026-03-08T20:24:44.569+04:00  WARN 3936 --- [  scan-worker-1] com.tradebot.ai.ModelRouter              : All AI model attempts failed for task=SCAN_REVIEW mode=LIVE traceId=1cc11a9d-9c10-441b-96dd-59fb81df84c7 errorCode=OPENROUTER_AUTH
2026-03-08T20:24:52.389+04:00  WARN 3936 --- [  scan-worker-1] com.tradebot.ai.ModelRouter              : All AI model attempts failed for task=SCAN_REVIEW mode=LIVE traceId=1cc11a9d-9c10-441b-96dd-59fb81df84c7 errorCode=OPENROUTER_AUTH
2026-03-08T20:24:52.432+04:00  WARN 3936 --- [  scan-worker-1] com.tradebot.ai.ModelRouter              : All AI model attempts failed for task=SCAN_REVIEW mode=LIVE traceId=1cc11a9d-9c10-441b-96dd-59fb81df84c7 errorCode=OPENROUTER_AUTH
2026-03-08T20:24:57.225+04:00  INFO 3936 --- [  scan-worker-1] com.tradebot.service.ScanOrchestrator    : Best candidate found: SPACEUSDT LONG (RR=5.10)
2026-03-08T20:25:09.123+04:00  INFO 3936 --- [   scheduling-1] com.tradebot.service.ScanOrchestrator    : Scheduled scan started: runId=51b0cc60-53e3-4f47-926b-5285a5f53e29, attempt=1
2026-03-08T20:25:09.124+04:00  INFO 3936 --- [  scan-worker-1] c.t.service.StrategyConfigProvider       : Loaded default StrategyTuningConfig.
2026-03-08T20:25:09.125+04:00  INFO 3936 --- [  scan-worker-1] com.tradebot.service.ScanOrchestrator    : Fetching exchange info...
2026-03-08T20:25:09.765+04:00  INFO 3936 --- [  scan-worker-1] com.tradebot.service.ScanOrchestrator    : Found 544 eligible USDT-M perpetual symbols
2026-03-08T20:25:09.767+04:00  INFO 3936 --- [  scan-worker-1] com.tradebot.service.ScanOrchestrator    : Fetching 24h tickers...
2026-03-08T20:25:10.203+04:00  INFO 3936 --- [  scan-worker-1] com.tradebot.service.ScanOrchestrator    : Processing klines for top 300 symbols...
2026-03-08T20:25:47.536+04:00  WARN 3936 --- [  scan-worker-1] com.tradebot.ai.ModelRouter              : All AI model attempts failed for task=SCAN_REVIEW mode=LIVE traceId=57879e8f-afbc-4b50-9075-043edd9bc10e errorCode=OPENROUTER_AUTH
2026-03-08T20:25:47.601+04:00  WARN 3936 --- [  scan-worker-1] com.tradebot.ai.ModelRouter              : All AI model attempts failed for task=SCAN_REVIEW mode=LIVE traceId=57879e8f-afbc-4b50-9075-043edd9bc10e errorCode=OPENROUTER_AUTH
2026-03-08T20:25:50.446+04:00  WARN 3936 --- [  scan-worker-1] com.tradebot.ai.ModelRouter              : All AI model attempts failed for task=SCAN_REVIEW mode=LIVE traceId=57879e8f-afbc-4b50-9075-043edd9bc10e errorCode=OPENROUTER_AUTH
2026-03-08T20:25:50.487+04:00  WARN 3936 --- [  scan-worker-1] com.tradebot.ai.ModelRouter              : All AI model attempts failed for task=SCAN_REVIEW mode=LIVE traceId=57879e8f-afbc-4b50-9075-043edd9bc10e errorCode=OPENROUTER_AUTH
2026-03-08T20:26:20.326+04:00  WARN 3936 --- [  scan-worker-1] com.tradebot.ai.ModelRouter              : All AI model attempts failed for task=SCAN_REVIEW mode=LIVE traceId=57879e8f-afbc-4b50-9075-043edd9bc10e errorCode=OPENROUTER_AUTH
2026-03-08T20:26:20.375+04:00  WARN 3936 --- [  scan-worker-1] com.tradebot.ai.ModelRouter              : All AI model attempts failed for task=SCAN_REVIEW mode=LIVE traceId=57879e8f-afbc-4b50-9075-043edd9bc10e errorCode=OPENROUTER_AUTH
2026-03-08T20:27:20.810+04:00  WARN 3936 --- [  scan-worker-1] com.tradebot.ai.ModelRouter              : All AI model attempts failed for task=SCAN_REVIEW mode=LIVE traceId=57879e8f-afbc-4b50-9075-043edd9bc10e errorCode=OPENROUTER_AUTH
2026-03-08T20:27:20.853+04:00  WARN 3936 --- [  scan-worker-1] com.tradebot.ai.ModelRouter              : All AI model attempts failed for task=SCAN_REVIEW mode=LIVE traceId=57879e8f-afbc-4b50-9075-043edd9bc10e errorCode=OPENROUTER_AUTH
2026-03-08T20:27:33.654+04:00  WARN 3936 --- [  scan-worker-1] com.tradebot.ai.ModelRouter              : All AI model attempts failed for task=SCAN_REVIEW mode=LIVE traceId=57879e8f-afbc-4b50-9075-043edd9bc10e errorCode=OPENROUTER_AUTH
2026-03-08T20:27:33.699+04:00  WARN 3936 --- [  scan-worker-1] com.tradebot.ai.ModelRouter              : All AI model attempts failed for task=SCAN_REVIEW mode=LIVE traceId=57879e8f-afbc-4b50-9075-043edd9bc10e errorCode=OPENROUTER_AUTH
2026-03-08T20:27:54.609+04:00  WARN 3936 --- [  scan-worker-1] com.tradebot.ai.ModelRouter              : All AI model attempts failed for task=SCAN_REVIEW mode=LIVE traceId=57879e8f-afbc-4b50-9075-043edd9bc10e errorCode=OPENROUTER_AUTH
2026-03-08T20:27:54.659+04:00  WARN 3936 --- [  scan-worker-1] com.tradebot.ai.ModelRouter              : All AI model attempts failed for task=SCAN_REVIEW mode=LIVE traceId=57879e8f-afbc-4b50-9075-043edd9bc10e errorCode=OPENROUTER_AUTH
2026-03-08T20:28:17.062+04:00  WARN 3936 --- [  scan-worker-1] com.tradebot.ai.ModelRouter              : All AI model attempts failed for task=SCAN_REVIEW mode=LIVE traceId=57879e8f-afbc-4b50-9075-043edd9bc10e errorCode=OPENROUTER_AUTH
2026-03-08T20:28:17.114+04:00  WARN 3936 --- [  scan-worker-1] com.tradebot.ai.ModelRouter              : All AI model attempts failed for task=SCAN_REVIEW mode=LIVE traceId=57879e8f-afbc-4b50-9075-043edd9bc10e errorCode=OPENROUTER_AUTH
2026-03-08T20:28:26.287+04:00  WARN 3936 --- [  scan-worker-1] com.tradebot.ai.ModelRouter              : All AI model attempts failed for task=SCAN_REVIEW mode=LIVE traceId=57879e8f-afbc-4b50-9075-043edd9bc10e errorCode=OPENROUTER_AUTH
2026-03-08T20:28:26.332+04:00  WARN 3936 --- [  scan-worker-1] com.tradebot.ai.ModelRouter              : All AI model attempts failed for task=SCAN_REVIEW mode=LIVE traceId=57879e8f-afbc-4b50-9075-043edd9bc10e errorCode=OPENROUTER_AUTH
2026-03-08T20:28:30.791+04:00  INFO 3936 --- [  scan-worker-1] com.tradebot.service.ScanOrchestrator    : Best candidate found: SPACEUSDT LONG (RR=5.10)
2026-03-08T20:30:09.293+04:00  INFO 3936 --- [   scheduling-1] com.tradebot.service.ScanOrchestrator    : Scheduled scan started: runId=4bfa1d5a-94ff-419c-82e2-a4506143c3af, attempt=1
2026-03-08T20:30:09.295+04:00  INFO 3936 --- [  scan-worker-1] c.t.service.StrategyConfigProvider       : Loaded default StrategyTuningConfig.
2026-03-08T20:30:09.295+04:00  INFO 3936 --- [  scan-worker-1] com.tradebot.service.ScanOrchestrator    : Fetching exchange info...
2026-03-08T20:30:09.794+04:00  INFO 3936 --- [  scan-worker-1] com.tradebot.service.ScanOrchestrator    : Found 544 eligible USDT-M perpetual symbols
2026-03-08T20:30:09.796+04:00  INFO 3936 --- [  scan-worker-1] com.tradebot.service.ScanOrchestrator    : Fetching 24h tickers...
2026-03-08T20:30:10.295+04:00  INFO 3936 --- [  scan-worker-1] com.tradebot.service.ScanOrchestrator    : Processing klines for top 300 symbols...
2026-03-08T20:30:19.464+04:00  WARN 3936 --- [  scan-worker-1] com.tradebot.ai.ModelRouter              : All AI model attempts failed for task=SCAN_REVIEW mode=LIVE traceId=f1eb1c87-9943-4243-90d2-4ffbe63e9d63 errorCode=OPENROUTER_AUTH
2026-03-08T20:30:19.513+04:00  WARN 3936 --- [  scan-worker-1] com.tradebot.ai.ModelRouter              : All AI model attempts failed for task=SCAN_REVIEW mode=LIVE traceId=f1eb1c87-9943-4243-90d2-4ffbe63e9d63 errorCode=OPENROUTER_AUTH
2026-03-08T20:30:48.989+04:00  WARN 3936 --- [  scan-worker-1] com.tradebot.ai.ModelRouter              : All AI model attempts failed for task=SCAN_REVIEW mode=LIVE traceId=f1eb1c87-9943-4243-90d2-4ffbe63e9d63 errorCode=OPENROUTER_AUTH
2026-03-08T20:30:49.029+04:00  WARN 3936 --- [  scan-worker-1] com.tradebot.ai.ModelRouter              : All AI model attempts failed for task=SCAN_REVIEW mode=LIVE traceId=f1eb1c87-9943-4243-90d2-4ffbe63e9d63 errorCode=OPENROUTER_AUTH
2026-03-08T20:30:52.268+04:00  WARN 3936 --- [  scan-worker-1] com.tradebot.ai.ModelRouter              : All AI model attempts failed for task=SCAN_REVIEW mode=LIVE traceId=f1eb1c87-9943-4243-90d2-4ffbe63e9d63 errorCode=OPENROUTER_AUTH
2026-03-08T20:30:52.312+04:00  WARN 3936 --- [  scan-worker-1] com.tradebot.ai.ModelRouter              : All AI model attempts failed for task=SCAN_REVIEW mode=LIVE traceId=f1eb1c87-9943-4243-90d2-4ffbe63e9d63 errorCode=OPENROUTER_AUTH
2026-03-08T20:31:22.984+04:00  WARN 3936 --- [  scan-worker-1] com.tradebot.ai.ModelRouter              : All AI model attempts failed for task=SCAN_REVIEW mode=LIVE traceId=f1eb1c87-9943-4243-90d2-4ffbe63e9d63 errorCode=OPENROUTER_AUTH
2026-03-08T20:31:23.025+04:00  WARN 3936 --- [  scan-worker-1] com.tradebot.ai.ModelRouter              : All AI model attempts failed for task=SCAN_REVIEW mode=LIVE traceId=f1eb1c87-9943-4243-90d2-4ffbe63e9d63 errorCode=OPENROUTER_AUTH
2026-03-08T20:31:25.778+04:00  WARN 3936 --- [  scan-worker-1] com.tradebot.ai.ModelRouter              : All AI model attempts failed for task=SCAN_REVIEW mode=LIVE traceId=f1eb1c87-9943-4243-90d2-4ffbe63e9d63 errorCode=OPENROUTER_AUTH
2026-03-08T20:31:25.827+04:00  WARN 3936 --- [  scan-worker-1] com.tradebot.ai.ModelRouter              : All AI model attempts failed for task=SCAN_REVIEW mode=LIVE traceId=f1eb1c87-9943-4243-90d2-4ffbe63e9d63 errorCode=OPENROUTER_AUTH
2026-03-08T20:32:04.679+04:00  WARN 3936 --- [  scan-worker-1] com.tradebot.ai.ModelRouter              : All AI model attempts failed for task=SCAN_REVIEW mode=LIVE traceId=f1eb1c87-9943-4243-90d2-4ffbe63e9d63 errorCode=OPENROUTER_AUTH
2026-03-08T20:32:04.714+04:00  WARN 3936 --- [  scan-worker-1] com.tradebot.ai.ModelRouter              : All AI model attempts failed for task=SCAN_REVIEW mode=LIVE traceId=f1eb1c87-9943-4243-90d2-4ffbe63e9d63 errorCode=OPENROUTER_AUTH
2026-03-08T20:32:21.200+04:00  WARN 3936 --- [  scan-worker-1] com.tradebot.ai.ModelRouter              : All AI model attempts failed for task=SCAN_REVIEW mode=LIVE traceId=f1eb1c87-9943-4243-90d2-4ffbe63e9d63 errorCode=OPENROUTER_AUTH
2026-03-08T20:32:21.251+04:00  WARN 3936 --- [  scan-worker-1] com.tradebot.ai.ModelRouter              : All AI model attempts failed for task=SCAN_REVIEW mode=LIVE traceId=f1eb1c87-9943-4243-90d2-4ffbe63e9d63 errorCode=OPENROUTER_AUTH
2026-03-08T20:32:33.144+04:00  WARN 3936 --- [  scan-worker-1] com.tradebot.ai.ModelRouter              : All AI model attempts failed for task=SCAN_REVIEW mode=LIVE traceId=f1eb1c87-9943-4243-90d2-4ffbe63e9d63 errorCode=OPENROUTER_AUTH
2026-03-08T20:32:33.186+04:00  WARN 3936 --- [  scan-worker-1] com.tradebot.ai.ModelRouter              : All AI model attempts failed for task=SCAN_REVIEW mode=LIVE traceId=f1eb1c87-9943-4243-90d2-4ffbe63e9d63 errorCode=OPENROUTER_AUTH
2026-03-08T20:32:35.696+04:00  WARN 3936 --- [  scan-worker-1] com.tradebot.ai.ModelRouter              : All AI model attempts failed for task=SCAN_REVIEW mode=LIVE traceId=f1eb1c87-9943-4243-90d2-4ffbe63e9d63 errorCode=OPENROUTER_AUTH
2026-03-08T20:32:35.738+04:00  WARN 3936 --- [  scan-worker-1] com.tradebot.ai.ModelRouter              : All AI model attempts failed for task=SCAN_REVIEW mode=LIVE traceId=f1eb1c87-9943-4243-90d2-4ffbe63e9d63 errorCode=OPENROUTER_AUTH
2026-03-08T20:32:42.259+04:00  WARN 3936 --- [  scan-worker-1] com.tradebot.ai.ModelRouter              : All AI model attempts failed for task=SCAN_REVIEW mode=LIVE traceId=f1eb1c87-9943-4243-90d2-4ffbe63e9d63 errorCode=OPENROUTER_AUTH
2026-03-08T20:32:42.301+04:00  WARN 3936 --- [  scan-worker-1] com.tradebot.ai.ModelRouter              : All AI model attempts failed for task=SCAN_REVIEW mode=LIVE traceId=f1eb1c87-9943-4243-90d2-4ffbe63e9d63 errorCode=OPENROUTER_AUTH
2026-03-08T20:32:42.977+04:00  WARN 3936 --- [  scan-worker-1] com.tradebot.ai.ModelRouter              : All AI model attempts failed for task=SCAN_REVIEW mode=LIVE traceId=f1eb1c87-9943-4243-90d2-4ffbe63e9d63 errorCode=OPENROUTER_AUTH
2026-03-08T20:32:43.022+04:00  WARN 3936 --- [  scan-worker-1] com.tradebot.ai.ModelRouter              : All AI model attempts failed for task=SCAN_REVIEW mode=LIVE traceId=f1eb1c87-9943-4243-90d2-4ffbe63e9d63 errorCode=OPENROUTER_AUTH
2026-03-08T20:33:01.798+04:00  WARN 3936 --- [  scan-worker-1] com.tradebot.ai.ModelRouter              : All AI model attempts failed for task=SCAN_REVIEW mode=LIVE traceId=f1eb1c87-9943-4243-90d2-4ffbe63e9d63 errorCode=OPENROUTER_AUTH
2026-03-08T20:33:01.836+04:00  WARN 3936 --- [  scan-worker-1] com.tradebot.ai.ModelRouter              : All AI model attempts failed for task=SCAN_REVIEW mode=LIVE traceId=f1eb1c87-9943-4243-90d2-4ffbe63e9d63 errorCode=OPENROUTER_AUTH
2026-03-08T20:33:27.536+04:00  WARN 3936 --- [  scan-worker-1] com.tradebot.ai.ModelRouter              : All AI model attempts failed for task=SCAN_REVIEW mode=LIVE traceId=f1eb1c87-9943-4243-90d2-4ffbe63e9d63 errorCode=OPENROUTER_AUTH
2026-03-08T20:33:27.579+04:00  WARN 3936 --- [  scan-worker-1] com.tradebot.ai.ModelRouter              : All AI model attempts failed for task=SCAN_REVIEW mode=LIVE traceId=f1eb1c87-9943-4243-90d2-4ffbe63e9d63 errorCode=OPENROUTER_AUTH
2026-03-08T20:33:32.210+04:00  INFO 3936 --- [  scan-worker-1] com.tradebot.service.ScanOrchestrator    : Best candidate found: CROSSUSDT SHORT (RR=7.28)
2026-03-08T20:33:32.221+04:00  INFO 3936 --- [  scan-worker-1] com.tradebot.service.ScanOrchestrator    : NEW Best Recommendation surfaced. Beeping...
